../Core/Src/stm32f411e_discovery_accelerometer.c:97:9:BSP_ACCELERO_Init	32	static
../Core/Src/stm32f411e_discovery_accelerometer.c:152:6:BSP_ACCELERO_Reset	8	static
../Core/Src/stm32f411e_discovery_accelerometer.c:163:6:BSP_ACCELERO_Click_ITConfig	8	static
../Core/Src/stm32f411e_discovery_accelerometer.c:176:6:BSP_ACCELERO_GetXYZ	16	static
../Core/Src/stm32f411e_discovery_accelerometer.c:201:6:LSM303AGR_AccInit	24	static
../Core/Src/stm32f411e_discovery_accelerometer.c:222:6:LSM303AGR_AccDeInit	4	static
../Core/Src/stm32f411e_discovery_accelerometer.c:231:9:LSM303AGR_AccReadID	16	static
../Core/Src/stm32f411e_discovery_accelerometer.c:249:6:LSM303AGR_AccRebootCmd	16	static
../Core/Src/stm32f411e_discovery_accelerometer.c:268:6:LSM303AGR_AccFilterConfig	24	static
../Core/Src/stm32f411e_discovery_accelerometer.c:290:6:LSM303AGR_AccFilterCmd	24	static
../Core/Src/stm32f411e_discovery_accelerometer.c:310:6:LSM303AGR_AccReadXYZ	40	static
../Core/Src/stm32f411e_discovery_accelerometer.c:379:6:LSM303AGR_AccFilterClickCmd	24	static
../Core/Src/stm32f411e_discovery_accelerometer.c:407:6:LSM303AGR_AccIT1Enable	24	static
../Core/Src/stm32f411e_discovery_accelerometer.c:434:6:LSM303AGR_AccIT1Disable	24	static
../Core/Src/stm32f411e_discovery_accelerometer.c:460:6:LSM303AGR_AccIT2Enable	24	static
../Core/Src/stm32f411e_discovery_accelerometer.c:486:6:LSM303AGR_AccIT2Disable	24	static
../Core/Src/stm32f411e_discovery_accelerometer.c:506:6:LSM303AGR_AccINT1InterruptEnable	24	static
../Core/Src/stm32f411e_discovery_accelerometer.c:526:6:LSM303AGR_AccINT1InterruptDisable	24	static
../Core/Src/stm32f411e_discovery_accelerometer.c:546:6:LSM303AGR_AccINT2InterruptEnable	24	static
../Core/Src/stm32f411e_discovery_accelerometer.c:566:6:LSM303AGR_AccINT2InterruptDisable	24	static
../Core/Src/stm32f411e_discovery_accelerometer.c:585:6:LSM303AGR_AccClickITEnable	24	static
../Core/Src/stm32f411e_discovery_accelerometer.c:619:6:LSM303AGR_AccClickITDisable	24	static
../Core/Src/stm32f411e_discovery_accelerometer.c:638:6:LSM303AGR_AccZClickITConfig	8	static
../Core/Src/stm32f411e_discovery_accelerometer.c:655:6:COMPASSACCELERO_IO_Init	32	static
../Core/Src/stm32f411e_discovery_accelerometer.c:680:6:COMPASSACCELERO_IO_Write	16	static
../Core/Src/stm32f411e_discovery_accelerometer.c:692:9:COMPASSACCELERO_IO_Read	16	static
../Core/Src/stm32f411e_discovery_accelerometer.c:700:6:COMPASSACCELERO_IO_ITConfig	32	static
../Core/Src/stm32f411e_discovery_accelerometer.c:728:13:I2Cx_Init	8	static
../Core/Src/stm32f411e_discovery_accelerometer.c:754:13:I2Cx_WriteData	40	static
../Core/Src/stm32f411e_discovery_accelerometer.c:774:16:I2Cx_ReadData	40	static
../Core/Src/stm32f411e_discovery_accelerometer.c:793:13:I2Cx_Error	8	static
../Core/Src/stm32f411e_discovery_accelerometer.c:806:13:I2Cx_MspInit	48	static
